
> nextjs-app@0.1.0 build B:\__JAVA__\Ego_SMP\ego-wiki
> next build

Γû▓ Next.js 16.1.6 (Turbopack)
- Environments: .env
- Experiments (use with caution):
  Γ£ô mdxRs

  Creating an optimized production build ...
Γ£ô Compiled successfully in 9.4s
  Running TypeScript ...
  Collecting page data using 11 workers ...
  Generating static pages using 11 workers (0/83) ...
node.exe : Error 
occurred 
prerendering page "/
vi/wiki/ego-system/e
go-shards". Read 
more: https://nextjs
.org/docs/messages/p
rerender-error
At C:\Users\nhatt\Ap
pData\Roaming\npm\pn
pm.ps1:24 char:5
+     & "node$exe"  
"$basedir/node_modul
es/pnpm/bin/pnpm.cjs
" $args
+     ~~~~~~~~~~~~~~
~~~~~~~~~~~~~~~~~~~~
~~~~~~~~~~~~~~~~~~~~
~~~~~~~
    + CategoryInfo  
            : NotS  
  pecified: (Erro   
 r occurred ...p    
rerender-error:    
String) [], Rem    
oteException
    + FullyQualifie 
   dErrorId : Nati  
  veCommandError
 
TypeError: Cannot 
read properties of 
undefined (reading 
'border')
    at e (B:\__JAVA_
_\Ego_SMP\ego-wiki\.
next\server\chunks\s
sr\_1b3173b6._.js:3:
28) {
  digest: 
'3173879373'
}
Export encountered 
an error on /[locale
]/wiki/[category]/[s
lug]/page: /vi/wiki/
ego-system/ego-shard
s, exiting the 
build.
Γ¿» Next.js build 
worker exited with 
code: 1 and signal: 
null
ΓÇëELIFECYCLEΓÇë Command failed with exit code 1.
